
> @fidelio/web@0.1.0 build
> next build

▲ Next.js 16.2.2 (Turbopack)
- Environments: .env.local

  Creating an optimized production build ...
✓ Compiled successfully in 7.8s
  Running TypeScript ...
  Finished TypeScript in 6.2s ...
  Collecting page data using 9 workers ...
  Generating static pages using 9 workers (0/8) ...
  Generating static pages using 9 workers (2/8) 
  Generating static pages using 9 workers (4/8) 
  Generating static pages using 9 workers (6/8) 
✓ Generating static pages using 9 workers (8/8) in 640ms
  Finalizing page optimization ...

Route (app)
┌ ○ /
├ ○ /_not-found
├ ○ /admin
├ ○ /client
├ ○ /merchant
├ ○ /ping
└ ○ /test


○  (Static)  prerendered as static content

